digraph graph_ariles {
rankdir="LR"
ariles[label="ariles"];
ariles_integer[label="integer"];
ariles->ariles_integer;
ariles_unsigned_integer[label="unsigned_integer"];
ariles->ariles_unsigned_integer;
ariles_real[label="real"];
ariles->ariles_real;
ariles_complex_float[label="complex_float"];
ariles->ariles_complex_float;
ariles_string[label="string"];
ariles->ariles_string;
ariles_std_vector[label="std_vector"];
ariles->ariles_std_vector;
ariles_std_vector_0[label="std_vector_0"];
ariles_std_vector->ariles_std_vector_0;
ariles_std_vector_1[label="std_vector_1"];
ariles_std_vector->ariles_std_vector_1;
ariles_std_vector_2[label="std_vector_2"];
ariles_std_vector->ariles_std_vector_2;
ariles_std_vector_3[label="std_vector_3"];
ariles_std_vector->ariles_std_vector_3;
ariles_std_vector_4[label="std_vector_4"];
ariles_std_vector->ariles_std_vector_4;
ariles_std_nested_vector[label="std_nested_vector"];
ariles->ariles_std_nested_vector;
ariles_std_nested_vector_0[label="std_nested_vector_0"];
ariles_std_nested_vector->ariles_std_nested_vector_0;
ariles_std_nested_vector_0_0[label="std_nested_vector_0_0"];
ariles_std_nested_vector_0->ariles_std_nested_vector_0_0;
ariles_std_nested_vector_0_1[label="std_nested_vector_0_1"];
ariles_std_nested_vector_0->ariles_std_nested_vector_0_1;
ariles_std_nested_vector_0_2[label="std_nested_vector_0_2"];
ariles_std_nested_vector_0->ariles_std_nested_vector_0_2;
ariles_std_nested_vector_0_3[label="std_nested_vector_0_3"];
ariles_std_nested_vector_0->ariles_std_nested_vector_0_3;
ariles_std_nested_vector_0_4[label="std_nested_vector_0_4"];
ariles_std_nested_vector_0->ariles_std_nested_vector_0_4;
ariles_std_nested_vector_0_5[label="std_nested_vector_0_5"];
ariles_std_nested_vector_0->ariles_std_nested_vector_0_5;
ariles_std_nested_vector_0_6[label="std_nested_vector_0_6"];
ariles_std_nested_vector_0->ariles_std_nested_vector_0_6;
ariles_std_nested_vector_1[label="std_nested_vector_1"];
ariles_std_nested_vector->ariles_std_nested_vector_1;
ariles_std_nested_vector_1_0[label="std_nested_vector_1_0"];
ariles_std_nested_vector_1->ariles_std_nested_vector_1_0;
ariles_std_nested_vector_1_1[label="std_nested_vector_1_1"];
ariles_std_nested_vector_1->ariles_std_nested_vector_1_1;
ariles_std_nested_vector_1_2[label="std_nested_vector_1_2"];
ariles_std_nested_vector_1->ariles_std_nested_vector_1_2;
ariles_std_nested_vector_1_3[label="std_nested_vector_1_3"];
ariles_std_nested_vector_1->ariles_std_nested_vector_1_3;
ariles_std_nested_vector_1_4[label="std_nested_vector_1_4"];
ariles_std_nested_vector_1->ariles_std_nested_vector_1_4;
ariles_std_nested_vector_1_5[label="std_nested_vector_1_5"];
ariles_std_nested_vector_1->ariles_std_nested_vector_1_5;
ariles_std_nested_vector_2[label="std_nested_vector_2"];
ariles_std_nested_vector->ariles_std_nested_vector_2;
ariles_std_nested_vector_2_0[label="std_nested_vector_2_0"];
ariles_std_nested_vector_2->ariles_std_nested_vector_2_0;
ariles_std_nested_vector_2_1[label="std_nested_vector_2_1"];
ariles_std_nested_vector_2->ariles_std_nested_vector_2_1;
ariles_std_nested_vector_2_2[label="std_nested_vector_2_2"];
ariles_std_nested_vector_2->ariles_std_nested_vector_2_2;
ariles_std_nested_vector_2_3[label="std_nested_vector_2_3"];
ariles_std_nested_vector_2->ariles_std_nested_vector_2_3;
ariles_std_nested_vector_2_4[label="std_nested_vector_2_4"];
ariles_std_nested_vector_2->ariles_std_nested_vector_2_4;
ariles_some_enum[label="some_enum"];
ariles->ariles_some_enum;
ariles_boolean_true[label="boolean_true"];
ariles->ariles_boolean_true;
ariles_boolean_false[label="boolean_false"];
ariles->ariles_boolean_false;
ariles_std_pair[label="std_pair"];
ariles->ariles_std_pair;
ariles_std_pair_test[label="test"];
ariles_std_pair->ariles_std_pair_test;
ariles_std_map[label="std_map"];
ariles->ariles_std_map;
ariles_std_map_one[label="one"];
ariles_std_map->ariles_std_map_one;
ariles_std_map_one_0[label="one_0"];
ariles_std_map_one->ariles_std_map_one_0;
ariles_std_map_three[label="three"];
ariles_std_map->ariles_std_map_three;
ariles_std_map_three_0[label="three_0"];
ariles_std_map_three->ariles_std_map_three_0;
ariles_std_map_three_1[label="three_1"];
ariles_std_map_three->ariles_std_map_three_1;
ariles_std_map_three_2[label="three_2"];
ariles_std_map_three->ariles_std_map_three_2;
ariles_std_map_two[label="two"];
ariles_std_map->ariles_std_map_two;
ariles_std_map_two_0[label="two_0"];
ariles_std_map_two->ariles_std_map_two_0;
ariles_std_map_two_1[label="two_1"];
ariles_std_map_two->ariles_std_map_two_1;
ariles_vector[label="vector"];
ariles->ariles_vector;
ariles_vector_0[label="vector_0"];
ariles_vector->ariles_vector_0;
ariles_vector_1[label="vector_1"];
ariles_vector->ariles_vector_1;
ariles_vector_2[label="vector_2"];
ariles_vector->ariles_vector_2;
ariles_matrix[label="matrix"];
ariles->ariles_matrix;
ariles_matrix_0[label="matrix_0"];
ariles_matrix->ariles_matrix_0;
ariles_matrix_1[label="matrix_1"];
ariles_matrix->ariles_matrix_1;
ariles_matrix_2[label="matrix_2"];
ariles_matrix->ariles_matrix_2;
ariles_matrix_3[label="matrix_3"];
ariles_matrix->ariles_matrix_3;
ariles_matrix_4[label="matrix_4"];
ariles_matrix->ariles_matrix_4;
ariles_matrix_5[label="matrix_5"];
ariles_matrix->ariles_matrix_5;
ariles_matrix_6[label="matrix_6"];
ariles_matrix->ariles_matrix_6;
ariles_matrix_7[label="matrix_7"];
ariles_matrix->ariles_matrix_7;
ariles_matrix_8[label="matrix_8"];
ariles_matrix->ariles_matrix_8;
ariles_matrix_x[label="matrix_x"];
ariles->ariles_matrix_x;
ariles_matrix_x_cols[label="cols"];
ariles_matrix_x->ariles_matrix_x_cols;
ariles_matrix_x_rows[label="rows"];
ariles_matrix_x->ariles_matrix_x_rows;
ariles_matrix_x_data[label="data"];
ariles_matrix_x->ariles_matrix_x_data;
ariles_matrix_x_data_0[label="data_0"];
ariles_matrix_x_data->ariles_matrix_x_data_0;
ariles_matrix_x_data_1[label="data_1"];
ariles_matrix_x_data->ariles_matrix_x_data_1;
ariles_matrix_x_data_2[label="data_2"];
ariles_matrix_x_data->ariles_matrix_x_data_2;
ariles_matrix_x_data_3[label="data_3"];
ariles_matrix_x_data->ariles_matrix_x_data_3;
ariles_matrix_x_data_4[label="data_4"];
ariles_matrix_x_data->ariles_matrix_x_data_4;
ariles_matrix_x_data_5[label="data_5"];
ariles_matrix_x_data->ariles_matrix_x_data_5;
ariles_matrix_complex_double[label="matrix_complex_double"];
ariles->ariles_matrix_complex_double;
ariles_matrix_complex_double_0[label="matrix_complex_double_0"];
ariles_matrix_complex_double->ariles_matrix_complex_double_0;
ariles_matrix_complex_double_1[label="matrix_complex_double_1"];
ariles_matrix_complex_double->ariles_matrix_complex_double_1;
ariles_matrix_complex_double_2[label="matrix_complex_double_2"];
ariles_matrix_complex_double->ariles_matrix_complex_double_2;
ariles_matrix_complex_double_3[label="matrix_complex_double_3"];
ariles_matrix_complex_double->ariles_matrix_complex_double_3;
ariles_matrix_complex_double_4[label="matrix_complex_double_4"];
ariles_matrix_complex_double->ariles_matrix_complex_double_4;
ariles_matrix_complex_double_5[label="matrix_complex_double_5"];
ariles_matrix_complex_double->ariles_matrix_complex_double_5;
ariles_matrix_complex_double_6[label="matrix_complex_double_6"];
ariles_matrix_complex_double->ariles_matrix_complex_double_6;
ariles_matrix_complex_double_7[label="matrix_complex_double_7"];
ariles_matrix_complex_double->ariles_matrix_complex_double_7;
ariles_matrix_complex_double_8[label="matrix_complex_double_8"];
ariles_matrix_complex_double->ariles_matrix_complex_double_8;
ariles_std_vector_evector[label="std_vector_evector"];
ariles->ariles_std_vector_evector;
ariles_std_vector_evector_0[label="std_vector_evector_0"];
ariles_std_vector_evector->ariles_std_vector_evector_0;
ariles_std_vector_evector_0_0[label="std_vector_evector_0_0"];
ariles_std_vector_evector_0->ariles_std_vector_evector_0_0;
ariles_std_vector_evector_0_1[label="std_vector_evector_0_1"];
ariles_std_vector_evector_0->ariles_std_vector_evector_0_1;
ariles_std_vector_evector_0_2[label="std_vector_evector_0_2"];
ariles_std_vector_evector_0->ariles_std_vector_evector_0_2;
ariles_std_vector_evector_1[label="std_vector_evector_1"];
ariles_std_vector_evector->ariles_std_vector_evector_1;
ariles_std_vector_evector_1_0[label="std_vector_evector_1_0"];
ariles_std_vector_evector_1->ariles_std_vector_evector_1_0;
ariles_std_vector_evector_1_1[label="std_vector_evector_1_1"];
ariles_std_vector_evector_1->ariles_std_vector_evector_1_1;
ariles_std_vector_evector_1_2[label="std_vector_evector_1_2"];
ariles_std_vector_evector_1->ariles_std_vector_evector_1_2;
ariles_std_vector_evector_2[label="std_vector_evector_2"];
ariles_std_vector_evector->ariles_std_vector_evector_2;
ariles_std_vector_evector_2_0[label="std_vector_evector_2_0"];
ariles_std_vector_evector_2->ariles_std_vector_evector_2_0;
ariles_std_vector_evector_2_1[label="std_vector_evector_2_1"];
ariles_std_vector_evector_2->ariles_std_vector_evector_2_1;
ariles_std_vector_evector_2_2[label="std_vector_evector_2_2"];
ariles_std_vector_evector_2->ariles_std_vector_evector_2_2;
ariles_std_vector_evector_3[label="std_vector_evector_3"];
ariles_std_vector_evector->ariles_std_vector_evector_3;
ariles_std_vector_evector_3_0[label="std_vector_evector_3_0"];
ariles_std_vector_evector_3->ariles_std_vector_evector_3_0;
ariles_std_vector_evector_3_1[label="std_vector_evector_3_1"];
ariles_std_vector_evector_3->ariles_std_vector_evector_3_1;
ariles_std_vector_evector_3_2[label="std_vector_evector_3_2"];
ariles_std_vector_evector_3->ariles_std_vector_evector_3_2;
ariles_std_nested_vector_evector[label="std_nested_vector_evector"];
ariles->ariles_std_nested_vector_evector;
ariles_std_nested_vector_evector_0[label="std_nested_vector_evector_0"];
ariles_std_nested_vector_evector->ariles_std_nested_vector_evector_0;
ariles_std_nested_vector_evector_0_0[label="std_nested_vector_evector_0_0"];
ariles_std_nested_vector_evector_0->ariles_std_nested_vector_evector_0_0;
ariles_std_nested_vector_evector_0_0_0[label="std_nested_vector_evector_0_0_0"];
ariles_std_nested_vector_evector_0_0->ariles_std_nested_vector_evector_0_0_0;
ariles_std_nested_vector_evector_0_0_1[label="std_nested_vector_evector_0_0_1"];
ariles_std_nested_vector_evector_0_0->ariles_std_nested_vector_evector_0_0_1;
ariles_std_nested_vector_evector_0_0_2[label="std_nested_vector_evector_0_0_2"];
ariles_std_nested_vector_evector_0_0->ariles_std_nested_vector_evector_0_0_2;
ariles_std_nested_vector_evector_1[label="std_nested_vector_evector_1"];
ariles_std_nested_vector_evector->ariles_std_nested_vector_evector_1;
ariles_std_nested_vector_evector_1_0[label="std_nested_vector_evector_1_0"];
ariles_std_nested_vector_evector_1->ariles_std_nested_vector_evector_1_0;
ariles_std_nested_vector_evector_1_0_0[label="std_nested_vector_evector_1_0_0"];
ariles_std_nested_vector_evector_1_0->ariles_std_nested_vector_evector_1_0_0;
ariles_std_nested_vector_evector_1_0_1[label="std_nested_vector_evector_1_0_1"];
ariles_std_nested_vector_evector_1_0->ariles_std_nested_vector_evector_1_0_1;
ariles_std_nested_vector_evector_1_0_2[label="std_nested_vector_evector_1_0_2"];
ariles_std_nested_vector_evector_1_0->ariles_std_nested_vector_evector_1_0_2;
ariles_std_nested_vector_evector_1_1[label="std_nested_vector_evector_1_1"];
ariles_std_nested_vector_evector_1->ariles_std_nested_vector_evector_1_1;
ariles_std_nested_vector_evector_1_1_0[label="std_nested_vector_evector_1_1_0"];
ariles_std_nested_vector_evector_1_1->ariles_std_nested_vector_evector_1_1_0;
ariles_std_nested_vector_evector_1_1_1[label="std_nested_vector_evector_1_1_1"];
ariles_std_nested_vector_evector_1_1->ariles_std_nested_vector_evector_1_1_1;
ariles_std_nested_vector_evector_1_1_2[label="std_nested_vector_evector_1_1_2"];
ariles_std_nested_vector_evector_1_1->ariles_std_nested_vector_evector_1_1_2;
ariles_isometry[label="isometry"];
ariles->ariles_isometry;
ariles_isometry_0[label="isometry_0"];
ariles_isometry->ariles_isometry_0;
ariles_isometry_1[label="isometry_1"];
ariles_isometry->ariles_isometry_1;
ariles_isometry_2[label="isometry_2"];
ariles_isometry->ariles_isometry_2;
ariles_isometry_3[label="isometry_3"];
ariles_isometry->ariles_isometry_3;
ariles_isometry_4[label="isometry_4"];
ariles_isometry->ariles_isometry_4;
ariles_isometry_5[label="isometry_5"];
ariles_isometry->ariles_isometry_5;
ariles_isometry_6[label="isometry_6"];
ariles_isometry->ariles_isometry_6;
ariles_isometry_7[label="isometry_7"];
ariles_isometry->ariles_isometry_7;
ariles_isometry_8[label="isometry_8"];
ariles_isometry->ariles_isometry_8;
ariles_isometry_9[label="isometry_9"];
ariles_isometry->ariles_isometry_9;
ariles_isometry_10[label="isometry_10"];
ariles_isometry->ariles_isometry_10;
ariles_isometry_11[label="isometry_11"];
ariles_isometry->ariles_isometry_11;
ariles_isometry_12[label="isometry_12"];
ariles_isometry->ariles_isometry_12;
ariles_isometry_13[label="isometry_13"];
ariles_isometry->ariles_isometry_13;
ariles_isometry_14[label="isometry_14"];
ariles_isometry->ariles_isometry_14;
ariles_isometry_15[label="isometry_15"];
ariles_isometry->ariles_isometry_15;
ariles_quaternion[label="quaternion"];
ariles->ariles_quaternion;
ariles_quaternion_x[label="x"];
ariles_quaternion->ariles_quaternion_x;
ariles_quaternion_y[label="y"];
ariles_quaternion->ariles_quaternion_y;
ariles_quaternion_z[label="z"];
ariles_quaternion->ariles_quaternion_z;
ariles_quaternion_w[label="w"];
ariles_quaternion->ariles_quaternion_w;
ariles_better_enum[label="better_enum"];
ariles->ariles_better_enum;
}
