digraph graph_ariles {
rankdir="LR"
ariles[label="ariles"];
ariles_visitors[label="visitors"];
ariles->ariles_visitors;
ariles_visitors_array[label="array",URL="https://asherikov.github.io/ariles/2/group__array.html"];
ariles_visitors->ariles_visitors_array;
ariles_visitors_graphviz[label="graphviz",URL="https://asherikov.github.io/ariles/2/group__graphviz.html"];
ariles_visitors->ariles_visitors_graphviz;
ariles_visitors_jsonnet[label="jsonnet",URL="https://asherikov.github.io/ariles/2/group__jsonnet.html"];
ariles_visitors->ariles_visitors_jsonnet;
ariles_visitors_jsonnet_dependencies[label="dependencies"];
ariles_visitors_jsonnet->ariles_visitors_jsonnet_dependencies;
jsonnet[label="https://jsonnet.org/",URL="https://jsonnet.org/"];
ariles_visitors_jsonnet_dependencies->jsonnet;
ariles_visitors_msgpack[label="msgpack",URL="https://asherikov.github.io/ariles/2/group__msgpack.html"];
ariles_visitors->ariles_visitors_msgpack;
ariles_visitors_msgpack_dependencies[label="dependencies"];
ariles_visitors_msgpack->ariles_visitors_msgpack_dependencies;
msgpack[label="https://msgpack.org/",URL="https://msgpack.org/"];
ariles_visitors_msgpack_dependencies->msgpack;
ariles_visitors_octave[label="octave",URL="https://asherikov.github.io/ariles/2/group__octave.html"];
ariles_visitors->ariles_visitors_octave;
ariles_visitors_pugixml[label="pugixml",URL="https://asherikov.github.io/ariles/2/group__pugixml.html"];
ariles_visitors->ariles_visitors_pugixml;
ariles_visitors_pugixml_dependencies[label="dependencies"];
ariles_visitors_pugixml->ariles_visitors_pugixml_dependencies;
pugixml[label="https://pugixml.org/",URL="https://pugixml.org/"];
ariles_visitors_pugixml_dependencies->pugixml;
ariles_visitors_rapidjson[label="rapidjson",URL="https://asherikov.github.io/ariles/2/group__rapidjson.html"];
ariles_visitors->ariles_visitors_rapidjson;
ariles_visitors_rapidjson_dependencies[label="dependencies"];
ariles_visitors_rapidjson->ariles_visitors_rapidjson_dependencies;
rapidjson[label="https://rapidjson.org/",URL="https://rapidjson.org/"];
ariles_visitors_rapidjson_dependencies->rapidjson;
ariles_visitors_rosparam[label="rosparam",URL="https://asherikov.github.io/ariles/2/group__rosparam.html"];
ariles_visitors->ariles_visitors_rosparam;
ariles_visitors_rosparam_dependencies[label="dependencies"];
ariles_visitors_rosparam->ariles_visitors_rosparam_dependencies;
ros[label="https://www.ros.org/",URL="https://www.ros.org/"];
ariles_visitors_rosparam_dependencies->ros;
ariles_visitors_yaml_cpp[label="yaml_cpp",URL="https://asherikov.github.io/ariles/2/group__yaml__cpp.html"];
ariles_visitors->ariles_visitors_yaml_cpp;
ariles_visitors_yaml_cpp_dependencies[label="dependencies"];
ariles_visitors_yaml_cpp->ariles_visitors_yaml_cpp_dependencies;
yaml_cpp[label="https://github.com/jbeder/yaml-cpp",URL="https://github.com/jbeder/yaml-cpp"];
ariles_visitors_yaml_cpp_dependencies->yaml_cpp;
ariles_visitors_yaml_cpp03[label="yaml_cpp03",URL="https://asherikov.github.io/ariles/2/group__yaml__cpp03.html"];
ariles_visitors->ariles_visitors_yaml_cpp03;
ariles_visitors_yaml_cpp03_dependencies[label="dependencies"];
ariles_visitors_yaml_cpp03->ariles_visitors_yaml_cpp03_dependencies;
ariles_visitors_yaml_cpp03_dependencies->yaml_cpp;
}
